// Jest Snapshot v1, https://goo.gl/fbAQLP

exports[`TodoItem renders correctly with correct properties 1`] = `
<View
  accessible={true}
  focusable={true}
  onClick={[Function]}
  onResponderGrant={[Function]}
  onResponderMove={[Function]}
  onResponderRelease={[Function]}
  onResponderTerminate={[Function]}
  onResponderTerminationRequest={[Function]}
  onStartShouldSetResponder={[Function]}
  style={
    Array [
      Object {
        "alignItems": "center",
        "flexDirection": "row",
        "justifyContent": "flex-start",
        "paddingHorizontal": 30,
        "paddingVertical": 5,
        "width": "100%",
      },
    ]
  }
>
  <Text
    accessible={true}
    allowFontScaling={false}
    focusable={true}
    onClick={[Function]}
    onResponderGrant={[Function]}
    onResponderMove={[Function]}
    onResponderRelease={[Function]}
    onResponderTerminate={[Function]}
    onResponderTerminationRequest={[Function]}
    onStartShouldSetResponder={[Function]}
    style={
      Array [
        Object {
          "color": "#211f30",
          "fontSize": 25,
        },
        undefined,
        Object {
          "fontFamily": "Material Icons",
          "fontStyle": "normal",
          "fontWeight": "normal",
        },
        Object {},
      ]
    }
  >
    î ´
  </Text>
  <Text
    done={true}
    style={
      Array [
        Object {
          "fontSize": 14,
          "marginLeft": 5,
          "textDecorationLine": "line-through",
        },
      ]
    }
  >
    Some text
  </Text>
</View>
`;
