// Jest Snapshot v1, https://goo.gl/fbAQLP

exports[`TodoList renders correctly with correct properties 1`] = `null`;
