// Jest Snapshot v1, https://goo.gl/fbAQLP

exports[`TodoNew renders correctly with correct properties 1`] = `
<View
  accessible={true}
  focusable={true}
  onClick={[Function]}
  onResponderGrant={[Function]}
  onResponderMove={[Function]}
  onResponderRelease={[Function]}
  onResponderTerminate={[Function]}
  onResponderTerminationRequest={[Function]}
  onStartShouldSetResponder={[Function]}
  style={
    Array [
      Object {
        "alignItems": "center",
        "flexDirection": "row",
        "justifyContent": "flex-start",
        "marginHorizontal": 30,
        "marginVertical": 5,
      },
    ]
  }
>
  <Text
    accessible={true}
    allowFontScaling={false}
    focusable={false}
    onClick={[Function]}
    onResponderGrant={[Function]}
    onResponderMove={[Function]}
    onResponderRelease={[Function]}
    onResponderTerminate={[Function]}
    onResponderTerminationRequest={[Function]}
    onStartShouldSetResponder={[Function]}
    style={
      Array [
        Object {
          "color": "grey",
          "fontSize": 25,
        },
        undefined,
        Object {
          "fontFamily": "Material Icons",
          "fontStyle": "normal",
          "fontWeight": "normal",
        },
        Object {},
      ]
    }
  >
    î……
  </Text>
  <Text
    style={
      Array [
        Object {
          "color": "grey",
          "fontSize": 14,
          "marginLeft": 5,
        },
      ]
    }
  >
    New Todo
  </Text>
</View>
`;
